{"name":"ci-test","namespace":"busybox","labels":null,"annotations":null,"scope":{"namespaces":null,"field_selectors":null,"label_selectors":null,"expression_selectors":null,"annotation_selectors":null,"phase_selectors":null,"pods":null,"mode":"one","value":""},"target":{"kind":"NetworkChaos","network_chaos":{"action":"delay","delay":{"latency":"1ms","correlation":"0","jitter":"0ms"},"loss":null,"duplicate":null,"corrupt":null,"bandwidth":null,"direction":"","target_scope":null,"external_targets":null}},"scheduler":{"duration":""}}